#-----------------------------------------------------------
# Webtalk v2018.1 (64-bit)
# SW Build 2188600 on Wed Apr  4 18:39:19 MDT 2018
# IP Build 2185939 on Wed Apr  4 20:55:05 MDT 2018
# Start of session at: Sun Dec  2 11:26:16 2018
# Process ID: 30240
# Current directory: /home/cesar/Documentos/Tpfinal-Arquitectura/Repositorios/tpFinalArq/tp_final_arquitectura/tp_final_arquitectura.sim/MUX/behav/xsim
# Command line: wbtcv -mode batch -source /home/cesar/Documentos/Tpfinal-Arquitectura/Repositorios/tpFinalArq/tp_final_arquitectura/tp_final_arquitectura.sim/MUX/behav/xsim/xsim.dir/tb_MUX2to1_behav/webtalk/xsim_webtalk.tcl -notrace
# Log file: /home/cesar/Documentos/Tpfinal-Arquitectura/Repositorios/tpFinalArq/tp_final_arquitectura/tp_final_arquitectura.sim/MUX/behav/xsim/webtalk.log
# Journal file: /home/cesar/Documentos/Tpfinal-Arquitectura/Repositorios/tpFinalArq/tp_final_arquitectura/tp_final_arquitectura.sim/MUX/behav/xsim/webtalk.jou
#-----------------------------------------------------------
source /home/cesar/Documentos/Tpfinal-Arquitectura/Repositorios/tpFinalArq/tp_final_arquitectura/tp_final_arquitectura.sim/MUX/behav/xsim/xsim.dir/tb_MUX2to1_behav/webtalk/xsim_webtalk.tcl -notrace
